Copyright 1986-2022 Xilinx, Inc. All Rights Reserved. Copyright 2022-2025 Advanced Micro Devices, Inc. All Rights Reserved.
---------------------------------------------------------------------------------------------------------------------------------------------
| Tool Version : Vivado v.2025.2 (win64) Build 6299465 Fri Nov 14 19:35:11 GMT 2025
| Date         : Thu Sep 24 00:05:13 2026
| Host         : 060830 running 64-bit major release  (build 9200)
| Command      : report_timing_summary -file demo_timing.rpt
| Design       : fpga_demo_top
| Device       : 7a35t-cpg236
| Speed File   : -1  PRODUCTION 1.23 2018-06-13
| Design State : Routed
---------------------------------------------------------------------------------------------------------------------------------------------

Timing Summary Report

------------------------------------------------------------------------------------------------
| Timer Settings
| --------------
------------------------------------------------------------------------------------------------

  Enable Multi Corner Analysis               :  Yes
  Enable Pessimism Removal                   :  Yes
  Pessimism Removal Resolution               :  Nearest Common Node
  Enable Input Delay Default Clock           :  No
  Enable Preset / Clear Arcs                 :  No
  Disable Flight Delays                      :  No
  Ignore I/O Paths                           :  No
  Timing Early Launch at Borrowing Latches   :  No
  Borrow Time for Max Delay Exceptions       :  Yes
  Merge Timing Exceptions                    :  Yes
  Inter-SLR Compensation                     :  Conservative

  Corner  Analyze    Analyze    
  Name    Max Paths  Min Paths  
  ------  ---------  ---------  
  Slow    Yes        Yes        
  Fast    Yes        Yes        


------------------------------------------------------------------------------------------------
| Report Methodology
| ------------------
------------------------------------------------------------------------------------------------

Rule       Severity  Description                                 Violations  
---------  --------  ------------------------------------------  ----------  
SYNTH-6    Warning   Timing of a RAM block might be sub-optimal  1           
TIMING-18  Warning   Missing input or output delay               10          

Note: This report is based on the most recent report_methodology run and may not be up-to-date. Run report_methodology on the current design for the latest report.



check_timing report

Table of Contents
-----------------
1. checking no_clock (0)
2. checking constant_clock (0)
3. checking pulse_width_clock (0)
4. checking unconstrained_internal_endpoints (0)
5. checking no_input_delay (4)
6. checking no_output_delay (6)
7. checking multiple_clock (0)
8. checking generated_clocks (0)
9. checking loops (0)
10. checking partial_input_delay (0)
11. checking partial_output_delay (0)
12. checking latch_loops (0)

1. checking no_clock (0)
------------------------
 There are 0 register/latch pins with no clock.


2. checking constant_clock (0)
------------------------------
 There are 0 register/latch pins with constant_clock.


3. checking pulse_width_clock (0)
---------------------------------
 There are 0 register/latch pins which need pulse_width check


4. checking unconstrained_internal_endpoints (0)
------------------------------------------------
 There are 0 pins that are not constrained for maximum delay.

 There are 0 pins that are not constrained for maximum delay due to constant clock.


5. checking no_input_delay (4)
------------------------------
 There are 4 input ports with no input delay specified. (HIGH)

 There are 0 input ports with no input delay but user has a false path constraint.


6. checking no_output_delay (6)
-------------------------------
 There are 6 ports with no output delay specified. (HIGH)

 There are 0 ports with no output delay but user has a false path constraint

 There are 0 ports with no output delay but with a timing clock defined on it or propagating through it


7. checking multiple_clock (0)
------------------------------
 There are 0 register/latch pins with multiple clocks.


8. checking generated_clocks (0)
--------------------------------
 There are 0 generated clocks that are not connected to a clock source.


9. checking loops (0)
---------------------
 There are 0 combinational loops in the design.


10. checking partial_input_delay (0)
------------------------------------
 There are 0 input ports with partial input delay specified.


11. checking partial_output_delay (0)
-------------------------------------
 There are 0 ports with partial output delay specified.


12. checking latch_loops (0)
----------------------------
 There are 0 combinational latch loops in the design through latch input



------------------------------------------------------------------------------------------------
| Design Timing Summary
| ---------------------
------------------------------------------------------------------------------------------------

    WNS(ns)      TNS(ns)  TNS Failing Endpoints  TNS Total Endpoints      WHS(ns)      THS(ns)  THS Failing Endpoints  THS Total Endpoints     WPWS(ns)     TPWS(ns)  TPWS Failing Endpoints  TPWS Total Endpoints  
    -------      -------  ---------------------  -------------------      -------      -------  ---------------------  -------------------     --------     --------  ----------------------  --------------------  
      0.420        0.000                      0                 1187        0.164        0.000                      0                 1187        6.020        0.000                       0                   411  


All user specified timing constraints are met.


------------------------------------------------------------------------------------------------
| Clock Summary
| -------------
------------------------------------------------------------------------------------------------

Clock        Waveform(ns)       Period(ns)      Frequency(MHz)
-----        ------------       ----------      --------------
sys_clk_pin  {0.000 7.000}      14.000          71.429          


------------------------------------------------------------------------------------------------
| Intra Clock Table
| -----------------
------------------------------------------------------------------------------------------------

Clock             WNS(ns)      TNS(ns)  TNS Failing Endpoints  TNS Total Endpoints      WHS(ns)      THS(ns)  THS Failing Endpoints  THS Total Endpoints     WPWS(ns)     TPWS(ns)  TPWS Failing Endpoints  TPWS Total Endpoints  
-----             -------      -------  ---------------------  -------------------      -------      -------  ---------------------  -------------------     --------     --------  ----------------------  --------------------  
sys_clk_pin         0.420        0.000                      0                 1187        0.164        0.000                      0                 1187        6.020        0.000                       0                   411  


------------------------------------------------------------------------------------------------
| Inter Clock Table
| -----------------
------------------------------------------------------------------------------------------------

From Clock    To Clock          WNS(ns)      TNS(ns)  TNS Failing Endpoints  TNS Total Endpoints      WHS(ns)      THS(ns)  THS Failing Endpoints  THS Total Endpoints  
----------    --------          -------      -------  ---------------------  -------------------      -------      -------  ---------------------  -------------------  


------------------------------------------------------------------------------------------------
| Other Path Groups Table
| -----------------------
------------------------------------------------------------------------------------------------

Path Group    From Clock    To Clock          WNS(ns)      TNS(ns)  TNS Failing Endpoints  TNS Total Endpoints      WHS(ns)      THS(ns)  THS Failing Endpoints  THS Total Endpoints  
----------    ----------    --------          -------      -------  ---------------------  -------------------      -------      -------  ---------------------  -------------------  


------------------------------------------------------------------------------------------------
| Timing Details
| --------------
------------------------------------------------------------------------------------------------


---------------------------------------------------------------------------------------------------
From Clock:  sys_clk_pin
  To Clock:  sys_clk_pin

Setup :            0  Failing Endpoints,  Worst Slack        0.420ns,  Total Violation        0.000ns
Hold  :            0  Failing Endpoints,  Worst Slack        0.164ns,  Total Violation        0.000ns
PW    :            0  Failing Endpoints,  Worst Slack        6.020ns,  Total Violation        0.000ns
---------------------------------------------------------------------------------------------------


Max Delay Paths
--------------------------------------------------------------------------------------
Slack (MET) :             0.420ns  (required time - arrival time)
  Source:                 u_bist/u_lfsr/lfsr_reg_reg[3]/C
                            (rising edge-triggered cell FDRE clocked by sys_clk_pin  {rise@0.000ns fall@7.000ns period=14.000ns})
  Destination:            u_bist/u_controller/fail_reg/D
                            (rising edge-triggered cell FDRE clocked by sys_clk_pin  {rise@0.000ns fall@7.000ns period=14.000ns})
  Path Group:             sys_clk_pin
  Path Type:              Setup (Max at Slow Process Corner)
  Requirement:            14.000ns  (sys_clk_pin rise@14.000ns - sys_clk_pin rise@0.000ns)
  Data Path Delay:        13.501ns  (logic 5.490ns (40.665%)  route 8.011ns (59.335%))
  Logic Levels:           21  (CARRY4=10 LUT2=3 LUT3=1 LUT4=3 LUT6=4)
  Clock Path Skew:        0.023ns (DCD - SCD + CPR)
    Destination Clock Delay (DCD):    4.851ns = ( 18.851 - 14.000 ) 
    Source Clock Delay      (SCD):    5.088ns
    Clock Pessimism Removal (CPR):    0.260ns
  Clock Uncertainty:      0.035ns  ((TSJ^2 + TIJ^2)^1/2 + DJ) / 2 + PE
    Total System Jitter     (TSJ):    0.071ns
    Total Input Jitter      (TIJ):    0.000ns
    Discrete Jitter          (DJ):    0.000ns
    Phase Error              (PE):    0.000ns

    Location             Delay type                Incr(ns)  Path(ns)    Netlist Resource(s)
  -------------------------------------------------------------------    -------------------
                         (clock sys_clk_pin rise edge)
                                                      0.000     0.000 r  
    W5                                                0.000     0.000 r  clk (IN)
                         net (fo=0)                   0.000     0.000    clk
    W5                   IBUF (Prop_ibuf_I_O)         1.458     1.458 r  clk_IBUF_inst/O
                         net (fo=1, routed)           1.967     3.425    clk_IBUF
    BUFGCTRL_X0Y0        BUFG (Prop_bufg_I_O)         0.096     3.521 r  clk_IBUF_BUFG_inst/O
                         net (fo=410, routed)         1.567     5.088    u_bist/u_lfsr/clk_IBUF_BUFG
    SLICE_X9Y9           FDRE                                         r  u_bist/u_lfsr/lfsr_reg_reg[3]/C
  -------------------------------------------------------------------    -------------------
    SLICE_X9Y9           FDRE (Prop_fdre_C_Q)         0.456     5.544 r  u_bist/u_lfsr/lfsr_reg_reg[3]/Q
                         net (fo=20, routed)          1.184     6.728    u_bist/u_lfsr/lfsr_reg_reg_n_0_[3]
    SLICE_X9Y17          LUT3 (Prop_lut3_I0_O)        0.124     6.852 r  u_bist/u_lfsr/prev_op_reg[1]_i_7/O
                         net (fo=1, routed)           0.434     7.287    u_bist/u_lfsr/u_pwm/std_op1__0
    SLICE_X9Y16          LUT6 (Prop_lut6_I2_O)        0.124     7.411 f  u_bist/u_lfsr/u_pwm/prev_op_reg[1]_i_2/O
                         net (fo=2, routed)           0.624     8.034    u_bist/u_lfsr/u_pwm/prev_op_reg[1]_i_2_n_0
    SLICE_X9Y10          LUT6 (Prop_lut6_I0_O)        0.124     8.158 f  u_bist/u_lfsr/u_pwm/prev_op_reg[1]_i_1/O
                         net (fo=24, routed)          0.645     8.803    u_bist/u_lfsr/u_pwm/alu_op[1]
    SLICE_X9Y3           LUT2 (Prop_lut2_I1_O)        0.124     8.927 r  u_bist/u_lfsr/u_pwm/sum_upper_carry_i_6/O
                         net (fo=51, routed)          1.179    10.106    u_bist/u_lfsr/u_pwm/burst_op_reg_reg[0]_0
    SLICE_X9Y1           LUT4 (Prop_lut4_I1_O)        0.154    10.260 r  u_bist/u_lfsr/u_pwm/signature[3]_i_13/O
                         net (fo=1, routed)           0.193    10.453    u_bist/u_lfsr/u_pwm/signature[3]_i_13_n_0
    SLICE_X8Y1           CARRY4 (Prop_carry4_CYINIT_CO[3])
                                                      0.798    11.251 r  u_bist/u_lfsr/u_pwm/signature_reg[3]_i_9/CO[3]
                         net (fo=1, routed)           0.000    11.251    u_bist/u_lfsr/u_pwm/signature_reg[3]_i_9_n_0
    SLICE_X8Y2           CARRY4 (Prop_carry4_CI_CO[3])
                                                      0.117    11.368 r  u_bist/u_lfsr/u_pwm/signature_reg[7]_i_9/CO[3]
                         net (fo=1, routed)           0.000    11.368    u_bist/u_lfsr/u_pwm/signature_reg[7]_i_9_n_0
    SLICE_X8Y3           CARRY4 (Prop_carry4_CI_CO[3])
                                                      0.117    11.485 r  u_bist/u_lfsr/u_pwm/signature_reg[11]_i_4/CO[3]
                         net (fo=1, routed)           0.000    11.485    u_bist/u_lfsr/u_pwm/signature_reg[11]_i_4_n_0
    SLICE_X8Y4           CARRY4 (Prop_carry4_CI_CO[3])
                                                      0.117    11.602 r  u_bist/u_lfsr/u_pwm/signature_reg[15]_i_5/CO[3]
                         net (fo=1, routed)           0.000    11.602    u_bist/u_lfsr/u_pwm/signature_reg[15]_i_5_n_0
    SLICE_X8Y5           CARRY4 (Prop_carry4_CI_CO[0])
                                                      0.254    11.856 r  u_bist/u_lfsr/u_pwm/sum_upper_carry_i_7/CO[0]
                         net (fo=1, routed)           0.556    12.413    u_bist/u_lfsr/u_op_gen/sum_upper_carry[0]
    SLICE_X9Y4           LUT2 (Prop_lut2_I1_O)        0.367    12.780 r  u_bist/u_lfsr/u_op_gen/sum_upper_carry_i_5/O
                         net (fo=1, routed)           0.000    12.780    u_bist/u_alu/signature[16]_i_2[0]
    SLICE_X9Y4           CARRY4 (Prop_carry4_S[0]_CO[3])
                                                      0.532    13.312 r  u_bist/u_alu/sum_upper_carry/CO[3]
                         net (fo=1, routed)           0.000    13.312    u_bist/u_alu/sum_upper_carry_n_0
    SLICE_X9Y5           CARRY4 (Prop_carry4_CI_CO[3])
                                                      0.114    13.426 r  u_bist/u_alu/sum_upper_carry__0/CO[3]
                         net (fo=1, routed)           0.000    13.426    u_bist/u_alu/sum_upper_carry__0_n_0
    SLICE_X9Y6           CARRY4 (Prop_carry4_CI_CO[3])
                                                      0.114    13.540 r  u_bist/u_alu/sum_upper_carry__1/CO[3]
                         net (fo=1, routed)           0.000    13.540    u_bist/u_alu/sum_upper_carry__1_n_0
    SLICE_X9Y7           CARRY4 (Prop_carry4_CI_O[3])
                                                      0.313    13.853 r  u_bist/u_alu/sum_upper_carry__2/O[3]
                         net (fo=1, routed)           0.320    14.173    u_bist/u_lfsr/u_pwm/sum_upper[4]
    SLICE_X11Y6          LUT6 (Prop_lut6_I0_O)        0.306    14.479 r  u_bist/u_lfsr/u_pwm/signature[31]_i_7/O
                         net (fo=1, routed)           0.673    15.151    u_bist/u_lfsr/u_op_gen/signature_reg[31]_1
    SLICE_X5Y6           LUT6 (Prop_lut6_I5_O)        0.124    15.275 r  u_bist/u_lfsr/u_op_gen/signature[31]_i_2/O
                         net (fo=1, routed)           0.497    15.773    u_bist/u_lfsr/u_pwm/signature_reg[31]_0
    SLICE_X4Y6           LUT4 (Prop_lut4_I0_O)        0.152    15.925 r  u_bist/u_lfsr/u_pwm/signature[31]_i_1/O
                         net (fo=2, routed)           0.608    16.532    u_bist/u_lfsr/u_pwm/D[23]
    SLICE_X5Y4           LUT4 (Prop_lut4_I3_O)        0.332    16.864 r  u_bist/u_lfsr/u_pwm/match0_carry__1_i_1/O
                         net (fo=1, routed)           0.000    16.864    u_bist/u_comparator/pass_reg[2]
    SLICE_X5Y4           CARRY4 (Prop_carry4_S[2]_CO[2])
                                                      0.314    17.178 f  u_bist/u_comparator/match0_carry__1/CO[2]
                         net (fo=2, routed)           0.903    18.081    u_bist/u_controller/CO[0]
    SLICE_X5Y16          LUT2 (Prop_lut2_I1_O)        0.313    18.394 r  u_bist/u_controller/fail_i_2/O
                         net (fo=1, routed)           0.195    18.589    u_bist/u_controller/fail_i_2_n_0
    SLICE_X4Y16          FDRE                                         r  u_bist/u_controller/fail_reg/D
  -------------------------------------------------------------------    -------------------

                         (clock sys_clk_pin rise edge)
                                                     14.000    14.000 r  
    W5                                                0.000    14.000 r  clk (IN)
                         net (fo=0)                   0.000    14.000    clk
    W5                   IBUF (Prop_ibuf_I_O)         1.388    15.388 r  clk_IBUF_inst/O
                         net (fo=1, routed)           1.862    17.250    clk_IBUF
    BUFGCTRL_X0Y0        BUFG (Prop_bufg_I_O)         0.091    17.341 r  clk_IBUF_BUFG_inst/O
                         net (fo=410, routed)         1.510    18.851    u_bist/u_controller/clk_IBUF_BUFG
    SLICE_X4Y16          FDRE                                         r  u_bist/u_controller/fail_reg/C
                         clock pessimism              0.260    19.111    
                         clock uncertainty           -0.035    19.076    
    SLICE_X4Y16          FDRE (Setup_fdre_C_D)       -0.067    19.009    u_bist/u_controller/fail_reg
  -------------------------------------------------------------------
                         required time                         19.009    
                         arrival time                         -18.589    
  -------------------------------------------------------------------
                         slack                                  0.420    





Min Delay Paths
--------------------------------------------------------------------------------------
Slack (MET) :             0.164ns  (arrival time - required time)
  Source:                 u_bist/u_lfsr/lp_a_reg_reg[20]/C
                            (rising edge-triggered cell FDRE clocked by sys_clk_pin  {rise@0.000ns fall@7.000ns period=14.000ns})
  Destination:            u_bist/u_lfsr/u_op_gen/hold_a_reg[20]/D
                            (rising edge-triggered cell FDRE clocked by sys_clk_pin  {rise@0.000ns fall@7.000ns period=14.000ns})
  Path Group:             sys_clk_pin
  Path Type:              Hold (Min at Fast Process Corner)
  Requirement:            0.000ns  (sys_clk_pin rise@0.000ns - sys_clk_pin rise@0.000ns)
  Data Path Delay:        0.240ns  (logic 0.141ns (58.691%)  route 0.099ns (41.309%))
  Logic Levels:           0  
  Clock Path Skew:        0.017ns (DCD - SCD - CPR)
    Destination Clock Delay (DCD):    1.993ns
    Source Clock Delay      (SCD):    1.477ns
    Clock Pessimism Removal (CPR):    0.499ns

    Location             Delay type                Incr(ns)  Path(ns)    Netlist Resource(s)
  -------------------------------------------------------------------    -------------------
                         (clock sys_clk_pin rise edge)
                                                      0.000     0.000 r  
    W5                                                0.000     0.000 r  clk (IN)
                         net (fo=0)                   0.000     0.000    clk
    W5                   IBUF (Prop_ibuf_I_O)         0.226     0.226 r  clk_IBUF_inst/O
                         net (fo=1, routed)           0.631     0.858    clk_IBUF
    BUFGCTRL_X0Y0        BUFG (Prop_bufg_I_O)         0.026     0.884 r  clk_IBUF_BUFG_inst/O
                         net (fo=410, routed)         0.594     1.477    u_bist/u_lfsr/clk_IBUF_BUFG
    SLICE_X1Y7           FDRE                                         r  u_bist/u_lfsr/lp_a_reg_reg[20]/C
  -------------------------------------------------------------------    -------------------
    SLICE_X1Y7           FDRE (Prop_fdre_C_Q)         0.141     1.618 r  u_bist/u_lfsr/lp_a_reg_reg[20]/Q
                         net (fo=2, routed)           0.099     1.717    u_bist/u_lfsr/u_op_gen/hold_a_reg[30]_0[10]
    SLICE_X2Y6           FDRE                                         r  u_bist/u_lfsr/u_op_gen/hold_a_reg[20]/D
  -------------------------------------------------------------------    -------------------

                         (clock sys_clk_pin rise edge)
                                                      0.000     0.000 r  
    W5                                                0.000     0.000 r  clk (IN)
                         net (fo=0)                   0.000     0.000    clk
    W5                   IBUF (Prop_ibuf_I_O)         0.414     0.414 r  clk_IBUF_inst/O
                         net (fo=1, routed)           0.685     1.099    clk_IBUF
    BUFGCTRL_X0Y0        BUFG (Prop_bufg_I_O)         0.029     1.128 r  clk_IBUF_BUFG_inst/O
                         net (fo=410, routed)         0.866     1.993    u_bist/u_lfsr/u_op_gen/clk_IBUF_BUFG
    SLICE_X2Y6           FDRE                                         r  u_bist/u_lfsr/u_op_gen/hold_a_reg[20]/C
                         clock pessimism             -0.499     1.494    
    SLICE_X2Y6           FDRE (Hold_fdre_C_D)         0.059     1.553    u_bist/u_lfsr/u_op_gen/hold_a_reg[20]
  -------------------------------------------------------------------
                         required time                         -1.553    
                         arrival time                           1.717    
  -------------------------------------------------------------------
                         slack                                  0.164    





Pulse Width Checks
--------------------------------------------------------------------------------------
Clock Name:         sys_clk_pin
Waveform(ns):       { 0.000 7.000 }
Period(ns):         14.000
Sources:            { clk }

Check Type        Corner  Lib Pin             Reference Pin  Required(ns)  Actual(ns)  Slack(ns)  Location     Pin
Min Period        n/a     RAMB18E1/CLKARDCLK  n/a            2.576         14.000      11.424     RAMB18_X0Y2  msg_idx_reg_rep/CLKARDCLK
Low Pulse Width   Slow    SRL16E/CLK          n/a            0.980         7.000       6.020      SLICE_X6Y13  u_bist/u_adaptive/window_history_reg[13][0]_srl14___u_bist_u_adaptive_window_history_reg_r_12/CLK
High Pulse Width  Slow    SRL16E/CLK          n/a            0.980         7.000       6.020      SLICE_X6Y13  u_bist/u_adaptive/window_history_reg[13][0]_srl14___u_bist_u_adaptive_window_history_reg_r_12/CLK



