Copyright 1986-2022 Xilinx, Inc. All Rights Reserved. Copyright 2022-2025 Advanced Micro Devices, Inc. All Rights Reserved.
---------------------------------------------------------------------------------------------------------------------------------------------
| Tool Version : Vivado v.2025.2 (win64) Build 6299465 Fri Nov 14 19:35:11 GMT 2025
| Date         : Thu Sep 24 15:31:12 2026
| Host         : 060830 running 64-bit major release  (build 9200)
| Command      : report_timing_summary -file edge_timing_summary.rpt
| Design       : awa_lp_bist_fpga_demo
| Device       : 7a100t-ftg256
| Speed File   : -2  PRODUCTION 1.23 2018-06-13
| Design State : Routed
---------------------------------------------------------------------------------------------------------------------------------------------

Timing Summary Report

------------------------------------------------------------------------------------------------
| Timer Settings
| --------------
------------------------------------------------------------------------------------------------

  Enable Multi Corner Analysis               :  Yes
  Enable Pessimism Removal                   :  Yes
  Pessimism Removal Resolution               :  Nearest Common Node
  Enable Input Delay Default Clock           :  No
  Enable Preset / Clear Arcs                 :  No
  Disable Flight Delays                      :  No
  Ignore I/O Paths                           :  No
  Timing Early Launch at Borrowing Latches   :  No
  Borrow Time for Max Delay Exceptions       :  Yes
  Merge Timing Exceptions                    :  Yes
  Inter-SLR Compensation                     :  Conservative

  Corner  Analyze    Analyze    
  Name    Max Paths  Min Paths  
  ------  ---------  ---------  
  Slow    Yes        Yes        
  Fast    Yes        Yes        


------------------------------------------------------------------------------------------------
| Report Methodology
| ------------------
------------------------------------------------------------------------------------------------

Rule       Severity  Description                    Violations  
---------  --------  -----------------------------  ----------  
TIMING-18  Warning   Missing input or output delay  25          

Note: This report is based on the most recent report_methodology run and may not be up-to-date. Run report_methodology on the current design for the latest report.



check_timing report

Table of Contents
-----------------
1. checking no_clock (0)
2. checking constant_clock (0)
3. checking pulse_width_clock (0)
4. checking unconstrained_internal_endpoints (0)
5. checking no_input_delay (4)
6. checking no_output_delay (18)
7. checking multiple_clock (0)
8. checking generated_clocks (0)
9. checking loops (0)
10. checking partial_input_delay (0)
11. checking partial_output_delay (0)
12. checking latch_loops (0)

1. checking no_clock (0)
------------------------
 There are 0 register/latch pins with no clock.


2. checking constant_clock (0)
------------------------------
 There are 0 register/latch pins with constant_clock.


3. checking pulse_width_clock (0)
---------------------------------
 There are 0 register/latch pins which need pulse_width check


4. checking unconstrained_internal_endpoints (0)
------------------------------------------------
 There are 0 pins that are not constrained for maximum delay.

 There are 0 pins that are not constrained for maximum delay due to constant clock.


5. checking no_input_delay (4)
------------------------------
 There are 4 input ports with no input delay specified. (HIGH)

 There are 0 input ports with no input delay but user has a false path constraint.


6. checking no_output_delay (18)
--------------------------------
 There are 18 ports with no output delay specified. (HIGH)

 There are 0 ports with no output delay but user has a false path constraint

 There are 0 ports with no output delay but with a timing clock defined on it or propagating through it


7. checking multiple_clock (0)
------------------------------
 There are 0 register/latch pins with multiple clocks.


8. checking generated_clocks (0)
--------------------------------
 There are 0 generated clocks that are not connected to a clock source.


9. checking loops (0)
---------------------
 There are 0 combinational loops in the design.


10. checking partial_input_delay (0)
------------------------------------
 There are 0 input ports with partial input delay specified.


11. checking partial_output_delay (0)
-------------------------------------
 There are 0 ports with partial output delay specified.


12. checking latch_loops (0)
----------------------------
 There are 0 combinational latch loops in the design through latch input



------------------------------------------------------------------------------------------------
| Design Timing Summary
| ---------------------
------------------------------------------------------------------------------------------------

    WNS(ns)      TNS(ns)  TNS Failing Endpoints  TNS Total Endpoints      WHS(ns)      THS(ns)  THS Failing Endpoints  THS Total Endpoints     WPWS(ns)     TPWS(ns)  TPWS Failing Endpoints  TPWS Total Endpoints  
    -------      -------  ---------------------  -------------------      -------      -------  ---------------------  -------------------     --------     --------  ----------------------  --------------------  
      7.282        0.000                      0                 1396        0.088        0.000                      0                 1396        9.146        0.000                       0                   501  


All user specified timing constraints are met.


------------------------------------------------------------------------------------------------
| Clock Summary
| -------------
------------------------------------------------------------------------------------------------

Clock      Waveform(ns)       Period(ns)      Frequency(MHz)
-----      ------------       ----------      --------------
clk_50mhz  {0.000 10.000}     20.000          50.000          


------------------------------------------------------------------------------------------------
| Intra Clock Table
| -----------------
------------------------------------------------------------------------------------------------

Clock             WNS(ns)      TNS(ns)  TNS Failing Endpoints  TNS Total Endpoints      WHS(ns)      THS(ns)  THS Failing Endpoints  THS Total Endpoints     WPWS(ns)     TPWS(ns)  TPWS Failing Endpoints  TPWS Total Endpoints  
-----             -------      -------  ---------------------  -------------------      -------      -------  ---------------------  -------------------     --------     --------  ----------------------  --------------------  
clk_50mhz           7.282        0.000                      0                 1396        0.088        0.000                      0                 1396        9.146        0.000                       0                   501  


------------------------------------------------------------------------------------------------
| Inter Clock Table
| -----------------
------------------------------------------------------------------------------------------------

From Clock    To Clock          WNS(ns)      TNS(ns)  TNS Failing Endpoints  TNS Total Endpoints      WHS(ns)      THS(ns)  THS Failing Endpoints  THS Total Endpoints  
----------    --------          -------      -------  ---------------------  -------------------      -------      -------  ---------------------  -------------------  


------------------------------------------------------------------------------------------------
| Other Path Groups Table
| -----------------------
------------------------------------------------------------------------------------------------

Path Group    From Clock    To Clock          WNS(ns)      TNS(ns)  TNS Failing Endpoints  TNS Total Endpoints      WHS(ns)      THS(ns)  THS Failing Endpoints  THS Total Endpoints  
----------    ----------    --------          -------      -------  ---------------------  -------------------      -------      -------  ---------------------  -------------------  


------------------------------------------------------------------------------------------------
| Timing Details
| --------------
------------------------------------------------------------------------------------------------


---------------------------------------------------------------------------------------------------
From Clock:  clk_50mhz
  To Clock:  clk_50mhz

Setup :            0  Failing Endpoints,  Worst Slack        7.282ns,  Total Violation        0.000ns
Hold  :            0  Failing Endpoints,  Worst Slack        0.088ns,  Total Violation        0.000ns
PW    :            0  Failing Endpoints,  Worst Slack        9.146ns,  Total Violation        0.000ns
---------------------------------------------------------------------------------------------------


Max Delay Paths
--------------------------------------------------------------------------------------
Slack (MET) :             7.282ns  (required time - arrival time)
  Source:                 u_bist/u_lfsr/lfsr_reg_reg[0]/C
                            (rising edge-triggered cell FDSE clocked by clk_50mhz  {rise@0.000ns fall@10.000ns period=20.000ns})
  Destination:            u_bist/u_controller/fail_reg/D
                            (rising edge-triggered cell FDRE clocked by clk_50mhz  {rise@0.000ns fall@10.000ns period=20.000ns})
  Path Group:             clk_50mhz
  Path Type:              Setup (Max at Slow Process Corner)
  Requirement:            20.000ns  (clk_50mhz rise@20.000ns - clk_50mhz rise@0.000ns)
  Data Path Delay:        12.392ns  (logic 4.466ns (36.040%)  route 7.926ns (63.960%))
  Logic Levels:           19  (CARRY4=10 LUT2=3 LUT3=1 LUT4=1 LUT5=2 LUT6=2)
  Clock Path Skew:        -0.082ns (DCD - SCD + CPR)
    Destination Clock Delay (DCD):    4.444ns = ( 24.444 - 20.000 ) 
    Source Clock Delay      (SCD):    4.685ns
    Clock Pessimism Removal (CPR):    0.159ns
  Clock Uncertainty:      0.035ns  ((TSJ^2 + TIJ^2)^1/2 + DJ) / 2 + PE
    Total System Jitter     (TSJ):    0.071ns
    Total Input Jitter      (TIJ):    0.000ns
    Discrete Jitter          (DJ):    0.000ns
    Phase Error              (PE):    0.000ns

    Location             Delay type                Incr(ns)  Path(ns)    Netlist Resource(s)
  -------------------------------------------------------------------    -------------------
                         (clock clk_50mhz rise edge)
                                                      0.000     0.000 r  
    N11                                               0.000     0.000 r  clk_50mhz (IN)
                         net (fo=0)                   0.000     0.000    clk_50mhz
    N11                  IBUF (Prop_ibuf_I_O)         1.464     1.464 r  clk_50mhz_IBUF_inst/O
                         net (fo=1, routed)           1.709     3.172    clk_50mhz_IBUF
    BUFGCTRL_X0Y0        BUFG (Prop_bufg_I_O)         0.081     3.253 r  clk_50mhz_IBUF_BUFG_inst/O
                         net (fo=500, routed)         1.431     4.685    u_bist/u_lfsr/clk_50mhz_IBUF_BUFG
    SLICE_X72Y109        FDSE                                         r  u_bist/u_lfsr/lfsr_reg_reg[0]/C
  -------------------------------------------------------------------    -------------------
    SLICE_X72Y109        FDSE (Prop_fdse_C_Q)         0.379     5.064 r  u_bist/u_lfsr/lfsr_reg_reg[0]/Q
                         net (fo=107, routed)         1.437     6.501    u_bist/u_lfsr/lfsr_reg_reg_n_0_[0]
    SLICE_X77Y99         LUT3 (Prop_lut3_I1_O)        0.115     6.616 r  u_bist/u_lfsr/lp_a_reg[1]_i_1/O
                         net (fo=3, routed)           0.789     7.405    u_bist/u_lfsr/u_pwm/p_0_in_0[0]
    SLICE_X77Y100        LUT6 (Prop_lut6_I3_O)        0.275     7.680 f  u_bist/u_lfsr/u_pwm/prev_op_reg[1]_i_1/O
                         net (fo=24, routed)          0.751     8.431    u_bist/u_lfsr/u_pwm/alu_op[1]
    SLICE_X62Y101        LUT2 (Prop_lut2_I1_O)        0.105     8.536 r  u_bist/u_lfsr/u_pwm/sum_upper_carry_i_6/O
                         net (fo=51, routed)          0.562     9.098    u_bist/u_lfsr/u_pwm/burst_op_reg_reg[0]_0
    SLICE_X68Y100        LUT4 (Prop_lut4_I1_O)        0.110     9.208 r  u_bist/u_lfsr/u_pwm/signature[3]_i_13/O
                         net (fo=1, routed)           0.276     9.484    u_bist/u_lfsr/u_pwm/signature[3]_i_13_n_0
    SLICE_X66Y100        CARRY4 (Prop_carry4_CYINIT_CO[3])
                                                      0.657    10.141 r  u_bist/u_lfsr/u_pwm/signature_reg[3]_i_9/CO[3]
                         net (fo=1, routed)           0.000    10.141    u_bist/u_lfsr/u_pwm/signature_reg[3]_i_9_n_0
    SLICE_X66Y101        CARRY4 (Prop_carry4_CI_CO[3])
                                                      0.100    10.241 r  u_bist/u_lfsr/u_pwm/signature_reg[7]_i_9/CO[3]
                         net (fo=1, routed)           0.000    10.241    u_bist/u_lfsr/u_pwm/signature_reg[7]_i_9_n_0
    SLICE_X66Y102        CARRY4 (Prop_carry4_CI_CO[3])
                                                      0.100    10.341 r  u_bist/u_lfsr/u_pwm/signature_reg[11]_i_4/CO[3]
                         net (fo=1, routed)           0.000    10.341    u_bist/u_lfsr/u_pwm/signature_reg[11]_i_4_n_0
    SLICE_X66Y103        CARRY4 (Prop_carry4_CI_CO[3])
                                                      0.100    10.441 r  u_bist/u_lfsr/u_pwm/signature_reg[15]_i_5/CO[3]
                         net (fo=1, routed)           0.000    10.441    u_bist/u_lfsr/u_pwm/signature_reg[15]_i_5_n_0
    SLICE_X66Y104        CARRY4 (Prop_carry4_CI_CO[0])
                                                      0.207    10.648 r  u_bist/u_lfsr/u_pwm/sum_upper_carry_i_7/CO[0]
                         net (fo=1, routed)           0.693    11.340    u_bist/u_lfsr/u_op_gen/sum_upper_carry[0]
    SLICE_X65Y101        LUT2 (Prop_lut2_I1_O)        0.297    11.637 r  u_bist/u_lfsr/u_op_gen/sum_upper_carry_i_5/O
                         net (fo=1, routed)           0.000    11.637    u_bist/u_alu/signature[16]_i_2[0]
    SLICE_X65Y101        CARRY4 (Prop_carry4_S[0]_CO[3])
                                                      0.440    12.077 r  u_bist/u_alu/sum_upper_carry/CO[3]
                         net (fo=1, routed)           0.000    12.077    u_bist/u_alu/sum_upper_carry_n_0
    SLICE_X65Y102        CARRY4 (Prop_carry4_CI_CO[3])
                                                      0.098    12.175 r  u_bist/u_alu/sum_upper_carry__0/CO[3]
                         net (fo=1, routed)           0.000    12.175    u_bist/u_alu/sum_upper_carry__0_n_0
    SLICE_X65Y103        CARRY4 (Prop_carry4_CI_CO[3])
                                                      0.098    12.273 r  u_bist/u_alu/sum_upper_carry__1/CO[3]
                         net (fo=1, routed)           0.000    12.273    u_bist/u_alu/sum_upper_carry__1_n_0
    SLICE_X65Y104        CARRY4 (Prop_carry4_CI_O[0])
                                                      0.180    12.453 r  u_bist/u_alu/sum_upper_carry__2/O[0]
                         net (fo=1, routed)           0.381    12.834    u_bist/u_lfsr/u_pwm/sum_upper[1]
    SLICE_X64Y105        LUT5 (Prop_lut5_I4_O)        0.249    13.083 r  u_bist/u_lfsr/u_pwm/signature[28]_i_3/O
                         net (fo=1, routed)           0.546    13.630    u_bist/u_lfsr/u_pwm/signature[28]_i_3_n_0
    SLICE_X64Y105        LUT6 (Prop_lut6_I3_O)        0.105    13.735 r  u_bist/u_lfsr/u_pwm/signature[28]_i_1/O
                         net (fo=2, routed)           0.718    14.452    u_bist/u_lfsr/u_pwm/D[20]
    SLICE_X64Y101        LUT5 (Prop_lut5_I0_O)        0.105    14.557 r  u_bist/u_lfsr/u_pwm/match0_carry__1_i_2/O
                         net (fo=1, routed)           0.000    14.557    u_bist/u_comparator/pass_reg[1]
    SLICE_X64Y101        CARRY4 (Prop_carry4_S[1]_CO[2])
                                                      0.475    15.032 f  u_bist/u_comparator/match0_carry__1/CO[2]
                         net (fo=2, routed)           1.154    16.186    u_bist/u_controller/CO[0]
    SLICE_X79Y99         LUT2 (Prop_lut2_I1_O)        0.271    16.457 r  u_bist/u_controller/fail_i_2/O
                         net (fo=2, routed)           0.620    17.077    u_bist/u_controller/fail_i_2_n_0
    SLICE_X83Y99         FDRE                                         r  u_bist/u_controller/fail_reg/D
  -------------------------------------------------------------------    -------------------

                         (clock clk_50mhz rise edge)
                                                     20.000    20.000 r  
    N11                                               0.000    20.000 r  clk_50mhz (IN)
                         net (fo=0)                   0.000    20.000    clk_50mhz
    N11                  IBUF (Prop_ibuf_I_O)         1.397    21.397 r  clk_50mhz_IBUF_inst/O
                         net (fo=1, routed)           1.620    23.017    clk_50mhz_IBUF
    BUFGCTRL_X0Y0        BUFG (Prop_bufg_I_O)         0.077    23.094 r  clk_50mhz_IBUF_BUFG_inst/O
                         net (fo=500, routed)         1.350    24.444    u_bist/u_controller/clk_50mhz_IBUF_BUFG
    SLICE_X83Y99         FDRE                                         r  u_bist/u_controller/fail_reg/C
                         clock pessimism              0.159    24.603    
                         clock uncertainty           -0.035    24.568    
    SLICE_X83Y99         FDRE (Setup_fdre_C_D)       -0.209    24.359    u_bist/u_controller/fail_reg
  -------------------------------------------------------------------
                         required time                         24.359    
                         arrival time                         -17.077    
  -------------------------------------------------------------------
                         slack                                  7.282    





Min Delay Paths
--------------------------------------------------------------------------------------
Slack (MET) :             0.088ns  (arrival time - required time)
  Source:                 seg_clk_div_reg[14]/C
                            (rising edge-triggered cell FDRE clocked by clk_50mhz  {rise@0.000ns fall@10.000ns period=20.000ns})
  Destination:            seg_clk_div_reg[16]/D
                            (rising edge-triggered cell FDRE clocked by clk_50mhz  {rise@0.000ns fall@10.000ns period=20.000ns})
  Path Group:             clk_50mhz
  Path Type:              Hold (Min at Fast Process Corner)
  Requirement:            0.000ns  (clk_50mhz rise@0.000ns - clk_50mhz rise@0.000ns)
  Data Path Delay:        0.463ns  (logic 0.355ns (76.709%)  route 0.108ns (23.291%))
  Logic Levels:           2  (CARRY4=2)
  Clock Path Skew:        0.270ns (DCD - SCD - CPR)
    Destination Clock Delay (DCD):    2.088ns
    Source Clock Delay      (SCD):    1.572ns
    Clock Pessimism Removal (CPR):    0.246ns

    Location             Delay type                Incr(ns)  Path(ns)    Netlist Resource(s)
  -------------------------------------------------------------------    -------------------
                         (clock clk_50mhz rise edge)
                                                      0.000     0.000 r  
    N11                                               0.000     0.000 r  clk_50mhz (IN)
                         net (fo=0)                   0.000     0.000    clk_50mhz
    N11                  IBUF (Prop_ibuf_I_O)         0.300     0.300 r  clk_50mhz_IBUF_inst/O
                         net (fo=1, routed)           0.640     0.940    clk_50mhz_IBUF
    BUFGCTRL_X0Y0        BUFG (Prop_bufg_I_O)         0.026     0.966 r  clk_50mhz_IBUF_BUFG_inst/O
                         net (fo=500, routed)         0.606     1.572    clk_50mhz_IBUF_BUFG
    SLICE_X89Y99         FDRE                                         r  seg_clk_div_reg[14]/C
  -------------------------------------------------------------------    -------------------
    SLICE_X89Y99         FDRE (Prop_fdre_C_Q)         0.141     1.713 r  seg_clk_div_reg[14]/Q
                         net (fo=1, routed)           0.107     1.820    seg_clk_div_reg_n_0_[14]
    SLICE_X89Y99         CARRY4 (Prop_carry4_S[2]_CO[3])
                                                      0.160     1.980 r  seg_clk_div_reg[12]_i_1/CO[3]
                         net (fo=1, routed)           0.001     1.980    seg_clk_div_reg[12]_i_1_n_0
    SLICE_X89Y100        CARRY4 (Prop_carry4_CI_O[0])
                                                      0.054     2.034 r  seg_clk_div_reg[16]_i_1/O[0]
                         net (fo=1, routed)           0.000     2.034    seg_clk_div_reg[16]_i_1_n_7
    SLICE_X89Y100        FDRE                                         r  seg_clk_div_reg[16]/D
  -------------------------------------------------------------------    -------------------

                         (clock clk_50mhz rise edge)
                                                      0.000     0.000 r  
    N11                                               0.000     0.000 r  clk_50mhz (IN)
                         net (fo=0)                   0.000     0.000    clk_50mhz
    N11                  IBUF (Prop_ibuf_I_O)         0.488     0.488 r  clk_50mhz_IBUF_inst/O
                         net (fo=1, routed)           0.695     1.183    clk_50mhz_IBUF
    BUFGCTRL_X0Y0        BUFG (Prop_bufg_I_O)         0.029     1.212 r  clk_50mhz_IBUF_BUFG_inst/O
                         net (fo=500, routed)         0.875     2.088    clk_50mhz_IBUF_BUFG
    SLICE_X89Y100        FDRE                                         r  seg_clk_div_reg[16]/C
                         clock pessimism             -0.246     1.842    
    SLICE_X89Y100        FDRE (Hold_fdre_C_D)         0.105     1.947    seg_clk_div_reg[16]
  -------------------------------------------------------------------
                         required time                         -1.947    
                         arrival time                           2.034    
  -------------------------------------------------------------------
                         slack                                  0.088    





Pulse Width Checks
--------------------------------------------------------------------------------------
Clock Name:         clk_50mhz
Waveform(ns):       { 0.000 10.000 }
Period(ns):         20.000
Sources:            { clk_50mhz }

Check Type        Corner  Lib Pin     Reference Pin  Required(ns)  Actual(ns)  Slack(ns)  Location       Pin
Min Period        n/a     BUFG/I      n/a            1.592         20.000      18.408     BUFGCTRL_X0Y0  clk_50mhz_IBUF_BUFG_inst/I
Low Pulse Width   Slow    SRL16E/CLK  n/a            0.854         10.000      9.146      SLICE_X80Y94   u_bist/u_adaptive/window_history_reg[13][0]_srl14___u_bist_u_adaptive_window_history_reg_r_12/CLK
High Pulse Width  Slow    SRL16E/CLK  n/a            0.854         10.000      9.146      SLICE_X80Y94   u_bist/u_adaptive/window_history_reg[13][0]_srl14___u_bist_u_adaptive_window_history_reg_r_12/CLK



