Copyright 1986-2022 Xilinx, Inc. All Rights Reserved. Copyright 2022-2025 Advanced Micro Devices, Inc. All Rights Reserved.
---------------------------------------------------------------------------------------------------------------------------------------------
| Tool Version : Vivado v.2025.2 (win64) Build 6299465 Fri Nov 14 19:35:11 GMT 2025
| Date         : Wed Sep 23 23:37:14 2026
| Host         : 060830 running 64-bit major release  (build 9200)
| Command      : report_timing_summary -file final_results/final_timing_summary.rpt
| Design       : bist_top
| Device       : 7a35t-cpg236
| Speed File   : -1  PRODUCTION 1.23 2018-06-13
| Design State : Routed
---------------------------------------------------------------------------------------------------------------------------------------------

Timing Summary Report

------------------------------------------------------------------------------------------------
| Timer Settings
| --------------
------------------------------------------------------------------------------------------------

  Enable Multi Corner Analysis               :  Yes
  Enable Pessimism Removal                   :  Yes
  Pessimism Removal Resolution               :  Nearest Common Node
  Enable Input Delay Default Clock           :  No
  Enable Preset / Clear Arcs                 :  No
  Disable Flight Delays                      :  No
  Ignore I/O Paths                           :  No
  Timing Early Launch at Borrowing Latches   :  No
  Borrow Time for Max Delay Exceptions       :  Yes
  Merge Timing Exceptions                    :  Yes
  Inter-SLR Compensation                     :  Conservative

  Corner  Analyze    Analyze    
  Name    Max Paths  Min Paths  
  ------  ---------  ---------  
  Slow    Yes        Yes        
  Fast    Yes        Yes        


------------------------------------------------------------------------------------------------
| Report Methodology
| ------------------
------------------------------------------------------------------------------------------------

No report available as report_methodology has not been run prior. Run report_methodology on the current design for the summary of methodology violations.



check_timing report

Table of Contents
-----------------
1. checking no_clock (0)
2. checking constant_clock (0)
3. checking pulse_width_clock (0)
4. checking unconstrained_internal_endpoints (0)
5. checking no_input_delay (0)
6. checking no_output_delay (0)
7. checking multiple_clock (0)
8. checking generated_clocks (0)
9. checking loops (0)
10. checking partial_input_delay (0)
11. checking partial_output_delay (0)
12. checking latch_loops (0)

1. checking no_clock (0)
------------------------
 There are 0 register/latch pins with no clock.


2. checking constant_clock (0)
------------------------------
 There are 0 register/latch pins with constant_clock.


3. checking pulse_width_clock (0)
---------------------------------
 There are 0 register/latch pins which need pulse_width check


4. checking unconstrained_internal_endpoints (0)
------------------------------------------------
 There are 0 pins that are not constrained for maximum delay.

 There are 0 pins that are not constrained for maximum delay due to constant clock.


5. checking no_input_delay (0)
------------------------------
 There are 0 input ports with no input delay specified.

 There are 0 input ports with no input delay but user has a false path constraint.


6. checking no_output_delay (0)
-------------------------------
 There are 0 ports with no output delay specified.

 There are 0 ports with no output delay but user has a false path constraint

 There are 0 ports with no output delay but with a timing clock defined on it or propagating through it


7. checking multiple_clock (0)
------------------------------
 There are 0 register/latch pins with multiple clocks.


8. checking generated_clocks (0)
--------------------------------
 There are 0 generated clocks that are not connected to a clock source.


9. checking loops (0)
---------------------
 There are 0 combinational loops in the design.


10. checking partial_input_delay (0)
------------------------------------
 There are 0 input ports with partial input delay specified.


11. checking partial_output_delay (0)
-------------------------------------
 There are 0 ports with partial output delay specified.


12. checking latch_loops (0)
----------------------------
 There are 0 combinational latch loops in the design through latch input



------------------------------------------------------------------------------------------------
| Design Timing Summary
| ---------------------
------------------------------------------------------------------------------------------------

    WNS(ns)      TNS(ns)  TNS Failing Endpoints  TNS Total Endpoints      WHS(ns)      THS(ns)  THS Failing Endpoints  THS Total Endpoints     WPWS(ns)     TPWS(ns)  TPWS Failing Endpoints  TPWS Total Endpoints  
    -------      -------  ---------------------  -------------------      -------      -------  ---------------------  -------------------     --------     --------  ----------------------  --------------------  
      0.473        0.000                      0                 1205        0.063        0.000                      0                 1205        6.020        0.000                       0                   385  


All user specified timing constraints are met.


------------------------------------------------------------------------------------------------
| Clock Summary
| -------------
------------------------------------------------------------------------------------------------

Clock  Waveform(ns)       Period(ns)      Frequency(MHz)
-----  ------------       ----------      --------------
clk    {0.000 7.000}      14.000          71.429          


------------------------------------------------------------------------------------------------
| Intra Clock Table
| -----------------
------------------------------------------------------------------------------------------------

Clock             WNS(ns)      TNS(ns)  TNS Failing Endpoints  TNS Total Endpoints      WHS(ns)      THS(ns)  THS Failing Endpoints  THS Total Endpoints     WPWS(ns)     TPWS(ns)  TPWS Failing Endpoints  TPWS Total Endpoints  
-----             -------      -------  ---------------------  -------------------      -------      -------  ---------------------  -------------------     --------     --------  ----------------------  --------------------  
clk                 0.473        0.000                      0                 1205        0.063        0.000                      0                 1205        6.020        0.000                       0                   385  


------------------------------------------------------------------------------------------------
| Inter Clock Table
| -----------------
------------------------------------------------------------------------------------------------

From Clock    To Clock          WNS(ns)      TNS(ns)  TNS Failing Endpoints  TNS Total Endpoints      WHS(ns)      THS(ns)  THS Failing Endpoints  THS Total Endpoints  
----------    --------          -------      -------  ---------------------  -------------------      -------      -------  ---------------------  -------------------  


------------------------------------------------------------------------------------------------
| Other Path Groups Table
| -----------------------
------------------------------------------------------------------------------------------------

Path Group    From Clock    To Clock          WNS(ns)      TNS(ns)  TNS Failing Endpoints  TNS Total Endpoints      WHS(ns)      THS(ns)  THS Failing Endpoints  THS Total Endpoints  
----------    ----------    --------          -------      -------  ---------------------  -------------------      -------      -------  ---------------------  -------------------  


------------------------------------------------------------------------------------------------
| Timing Details
| --------------
------------------------------------------------------------------------------------------------


---------------------------------------------------------------------------------------------------
From Clock:  clk
  To Clock:  clk

Setup :            0  Failing Endpoints,  Worst Slack        0.473ns,  Total Violation        0.000ns
Hold  :            0  Failing Endpoints,  Worst Slack        0.063ns,  Total Violation        0.000ns
PW    :            0  Failing Endpoints,  Worst Slack        6.020ns,  Total Violation        0.000ns
---------------------------------------------------------------------------------------------------


Max Delay Paths
--------------------------------------------------------------------------------------
Slack (MET) :             0.473ns  (required time - arrival time)
  Source:                 u_wsa/peak_transitions_reg[6]/C
                            (rising edge-triggered cell FDRE clocked by clk  {rise@0.000ns fall@7.000ns period=14.000ns})
  Destination:            peak_transitions[6]
                            (output port clocked by clk  {rise@0.000ns fall@7.000ns period=14.000ns})
  Path Group:             clk
  Path Type:              Max at Slow Process Corner
  Requirement:            14.000ns  (clk rise@14.000ns - clk rise@0.000ns)
  Data Path Delay:        6.578ns  (logic 3.052ns (46.394%)  route 3.526ns (53.606%))
  Logic Levels:           1  (OBUF=1)
  Output Delay:           2.000ns
  Clock Path Skew:        -4.913ns (DCD - SCD + CPR)
    Destination Clock Delay (DCD):    0.000ns = ( 14.000 - 14.000 ) 
    Source Clock Delay      (SCD):    4.913ns
    Clock Pessimism Removal (CPR):    0.000ns
  Clock Uncertainty:      0.035ns  ((TSJ^2 + TIJ^2)^1/2 + DJ) / 2 + PE
    Total System Jitter     (TSJ):    0.071ns
    Total Input Jitter      (TIJ):    0.000ns
    Discrete Jitter          (DJ):    0.000ns
    Phase Error              (PE):    0.000ns

    Location             Delay type                Incr(ns)  Path(ns)    Netlist Resource(s)
  -------------------------------------------------------------------    -------------------
                         (clock clk rise edge)        0.000     0.000 r  
    C15                                               0.000     0.000 r  clk (IN)
                         net (fo=0)                   0.000     0.000    clk
    C15                  IBUF (Prop_ibuf_I_O)         0.935     0.935 r  clk_IBUF_inst/O
                         net (fo=1, routed)           2.273     3.208    clk_IBUF
    BUFGCTRL_X0Y16       BUFG (Prop_bufg_I_O)         0.096     3.304 r  clk_IBUF_BUFG_inst/O
                         net (fo=384, routed)         1.609     4.913    u_wsa/CLK
    SLICE_X4Y80          FDRE                                         r  u_wsa/peak_transitions_reg[6]/C
  -------------------------------------------------------------------    -------------------
    SLICE_X4Y80          FDRE (Prop_fdre_C_Q)         0.456     5.369 r  u_wsa/peak_transitions_reg[6]/Q
                         net (fo=4, routed)           3.526     8.896    peak_transitions_OBUF[6]
    A15                  OBUF (Prop_obuf_I_O)         2.596    11.492 r  peak_transitions_OBUF[6]_inst/O
                         net (fo=0)                   0.000    11.492    peak_transitions[6]
    A15                                                               r  peak_transitions[6] (OUT)
  -------------------------------------------------------------------    -------------------

                         (clock clk rise edge)       14.000    14.000 r  
                         clock pessimism              0.000    14.000    
                         clock uncertainty           -0.035    13.965    
                         output delay                -2.000    11.965    
  -------------------------------------------------------------------
                         required time                         11.965    
                         arrival time                         -11.492    
  -------------------------------------------------------------------
                         slack                                  0.473    





Min Delay Paths
--------------------------------------------------------------------------------------
Slack (MET) :             0.063ns  (arrival time - required time)
  Source:                 fault_select[0]
                            (input port clocked by clk  {rise@0.000ns fall@7.000ns period=14.000ns})
  Destination:            u_misr/signature_reg[30]_lopt_replica/D
                            (rising edge-triggered cell FDRE clocked by clk  {rise@0.000ns fall@7.000ns period=14.000ns})
  Path Group:             clk
  Path Type:              Hold (Min at Slow Process Corner)
  Requirement:            0.000ns  (clk rise@0.000ns - clk rise@0.000ns)
  Data Path Delay:        4.873ns  (logic 0.903ns (18.533%)  route 3.970ns (81.467%))
  Logic Levels:           2  (IBUF=1 LUT6=1)
  Input Delay:            0.500ns
  Clock Path Skew:        4.944ns (DCD - SCD - CPR)
    Destination Clock Delay (DCD):    4.944ns
    Source Clock Delay      (SCD):    0.000ns
    Clock Pessimism Removal (CPR):    -0.000ns
  Clock Uncertainty:      0.035ns  ((TSJ^2 + TIJ^2)^1/2 + DJ) / 2 + PE
    Total System Jitter     (TSJ):    0.071ns
    Total Input Jitter      (TIJ):    0.000ns
    Discrete Jitter          (DJ):    0.000ns
    Phase Error              (PE):    0.000ns

    Location             Delay type                Incr(ns)  Path(ns)    Netlist Resource(s)
  -------------------------------------------------------------------    -------------------
                         (clock clk rise edge)        0.000     0.000 r  
                         input delay                  0.500     0.500    
    U14                                               0.000     0.500 r  fault_select[0] (IN)
                         net (fo=0)                   0.000     0.500    fault_select[0]
    U14                  IBUF (Prop_ibuf_I_O)         0.803     1.303 r  fault_select_IBUF[0]_inst/O
                         net (fo=54, routed)          3.970     5.273    u_misr/fault_select_IBUF[0]
    SLICE_X2Y42          LUT6 (Prop_lut6_I4_O)        0.100     5.373 r  u_misr/signature[30]_i_1/O
                         net (fo=2, routed)           0.000     5.373    u_misr/next_signature[30]
    SLICE_X2Y42          FDRE                                         r  u_misr/signature_reg[30]_lopt_replica/D
  -------------------------------------------------------------------    -------------------

                         (clock clk rise edge)        0.000     0.000 r  
    C15                                               0.000     0.000 r  clk (IN)
                         net (fo=0)                   0.000     0.000    clk
    C15                  IBUF (Prop_ibuf_I_O)         0.935     0.935 r  clk_IBUF_inst/O
                         net (fo=1, routed)           2.273     3.208    clk_IBUF
    BUFGCTRL_X0Y16       BUFG (Prop_bufg_I_O)         0.096     3.304 r  clk_IBUF_BUFG_inst/O
                         net (fo=384, routed)         1.639     4.944    u_misr/CLK
    SLICE_X2Y42          FDRE                                         r  u_misr/signature_reg[30]_lopt_replica/C
                         clock pessimism              0.000     4.944    
                         clock uncertainty            0.035     4.979    
    SLICE_X2Y42          FDRE (Hold_fdre_C_D)         0.331     5.310    u_misr/signature_reg[30]_lopt_replica
  -------------------------------------------------------------------
                         required time                         -5.310    
                         arrival time                           5.373    
  -------------------------------------------------------------------
                         slack                                  0.063    





Pulse Width Checks
--------------------------------------------------------------------------------------
Clock Name:         clk
Waveform(ns):       { 0.000 7.000 }
Period(ns):         14.000
Sources:            { clk }

Check Type        Corner  Lib Pin     Reference Pin  Required(ns)  Actual(ns)  Slack(ns)  Location        Pin
Min Period        n/a     BUFG/I      n/a            2.155         14.000      11.845     BUFGCTRL_X0Y16  clk_IBUF_BUFG_inst/I
Low Pulse Width   Slow    SRL16E/CLK  n/a            0.980         7.000       6.020      SLICE_X6Y53     u_adaptive/window_history_reg[13][0]_srl14___u_adaptive_window_history_reg_r_12/CLK
High Pulse Width  Slow    SRL16E/CLK  n/a            0.980         7.000       6.020      SLICE_X6Y53     u_adaptive/window_history_reg[13][0]_srl14___u_adaptive_window_history_reg_r_12/CLK



